Archive member included because of file (symbol)

c:/program files (x86)/coocox/gnu tools arm embedded/4.8 2013q4/bin/../lib/gcc/arm-none-eabi/4.8.3/../../../../arm-none-eabi/lib/armv7-m\libg.a(lib_a-memcpy.o)
                              ..\obj\queue.o (memcpy)
c:/program files (x86)/coocox/gnu tools arm embedded/4.8 2013q4/bin/../lib/gcc/arm-none-eabi/4.8.3/../../../../arm-none-eabi/lib/armv7-m\libg.a(lib_a-memset.o)
                              ..\obj\tasks.o (memset)
c:/program files (x86)/coocox/gnu tools arm embedded/4.8 2013q4/bin/../lib/gcc/arm-none-eabi/4.8.3/../../../../arm-none-eabi/lib/armv7-m\libg.a(lib_a-strncpy.o)
                              ..\obj\tasks.o (strncpy)

Discarded input sections

 .text          0x00000000        0x0 ..\obj\led_ctrl.o
 .data          0x00000000        0x0 ..\obj\led_ctrl.o
 .bss           0x00000000        0x0 ..\obj\led_ctrl.o
 .text          0x00000000        0x0 ..\obj\startup_frt.o
 .data          0x00000000        0x0 ..\obj\startup_frt.o
 .bss           0x00000000        0x0 ..\obj\startup_frt.o
 .text          0x00000000        0x0 ..\obj\common.o
 .data          0x00000000        0x0 ..\obj\common.o
 .bss           0x00000000        0x0 ..\obj\common.o
 .text.vApplicationStackOverflowHook
                0x00000000       0x2c ..\obj\common.o
 .debug_info    0x00000000       0x9e ..\obj\common.o
 .debug_abbrev  0x00000000       0x6e ..\obj\common.o
 .debug_aranges
                0x00000000       0x20 ..\obj\common.o
 .debug_ranges  0x00000000       0x10 ..\obj\common.o
 .debug_line    0x00000000      0x10b ..\obj\common.o
 .debug_str     0x00000000      0x17a ..\obj\common.o
 .comment       0x00000000       0x71 ..\obj\common.o
 .ARM.attributes
                0x00000000       0x33 ..\obj\common.o
 .debug_frame   0x00000000       0x30 ..\obj\common.o
 .text          0x00000000        0x0 ..\obj\main.o
 .data          0x00000000        0x0 ..\obj\main.o
 .bss           0x00000000        0x0 ..\obj\main.o
 .text          0x00000000        0x0 ..\obj\tasks.o
 .data          0x00000000        0x0 ..\obj\tasks.o
 .text.vTaskDelete
                0x00000000       0x98 ..\obj\tasks.o
 .text.vTaskDelayUntil
                0x00000000       0xd0 ..\obj\tasks.o
 .text.uxTaskPriorityGet
                0x00000000       0x34 ..\obj\tasks.o
 .text.vTaskPrioritySet
                0x00000000       0xf8 ..\obj\tasks.o
 .text.vTaskSuspend
                0x00000000       0x70 ..\obj\tasks.o
 .text.xTaskIsTaskSuspended
                0x00000000       0x48 ..\obj\tasks.o
 .text.vTaskResume
                0x00000000       0x90 ..\obj\tasks.o
 .text.xTaskResumeFromISR
                0x00000000       0xa0 ..\obj\tasks.o
 .text.vTaskEndScheduler
                0x00000000       0x1c ..\obj\tasks.o
 .text.xTaskGetTickCount
                0x00000000       0x24 ..\obj\tasks.o
 .text.uxTaskGetNumberOfTasks
                0x00000000       0x18 ..\obj\tasks.o
 .text.vTaskPlaceOnEventList
                0x00000000       0x98 ..\obj\tasks.o
 .text.xTaskRemoveFromEventList
                0x00000000       0xac ..\obj\tasks.o
 .text.vTaskSetTimeOutState
                0x00000000       0x2c ..\obj\tasks.o
 .text.xTaskCheckForTimeOut
                0x00000000       0x88 ..\obj\tasks.o
 .text.vTaskMissedYield
                0x00000000       0x18 ..\obj\tasks.o
 .text.xTaskGetCurrentTaskHandle
                0x00000000       0x20 ..\obj\tasks.o
 .text.vTaskPriorityInherit
                0x00000000       0xa4 ..\obj\tasks.o
 .text.vTaskPriorityDisinherit
                0x00000000       0x7c ..\obj\tasks.o
 .text          0x00000000        0x0 ..\obj\list.o
 .data          0x00000000        0x0 ..\obj\list.o
 .bss           0x00000000        0x0 ..\obj\list.o
 .text          0x00000000        0x0 ..\obj\queue.o
 .data          0x00000000        0x0 ..\obj\queue.o
 .bss           0x00000000        0x0 ..\obj\queue.o
 .text.xQueueCreate
                0x00000000       0xb8 ..\obj\queue.o
 .text.xQueueCreateMutex
                0x00000000       0x78 ..\obj\queue.o
 .text.xQueueGiveMutexRecursive
                0x00000000       0x48 ..\obj\queue.o
 .text.xQueueTakeMutexRecursive
                0x00000000       0x50 ..\obj\queue.o
 .text.xQueueGenericSend
                0x00000000      0x10c ..\obj\queue.o
 .text.xQueueGenericSendFromISR
                0x00000000       0x80 ..\obj\queue.o
 .text.xQueueGenericReceive
                0x00000000      0x16c ..\obj\queue.o
 .text.xQueueReceiveFromISR
                0x00000000       0x84 ..\obj\queue.o
 .text.uxQueueMessagesWaiting
                0x00000000       0x20 ..\obj\queue.o
 .text.uxQueueMessagesWaitingFromISR
                0x00000000       0x1c ..\obj\queue.o
 .text.vQueueDelete
                0x00000000       0x20 ..\obj\queue.o
 .text.prvCopyDataToQueue
                0x00000000       0xb8 ..\obj\queue.o
 .text.prvCopyDataFromQueue
                0x00000000       0x4c ..\obj\queue.o
 .text.prvUnlockQueue
                0x00000000       0x98 ..\obj\queue.o
 .text.prvIsQueueEmpty
                0x00000000       0x2c ..\obj\queue.o
 .text.xQueueIsQueueEmptyFromISR
                0x00000000       0x28 ..\obj\queue.o
 .text.prvIsQueueFull
                0x00000000       0x30 ..\obj\queue.o
 .text.xQueueIsQueueFullFromISR
                0x00000000       0x2c ..\obj\queue.o
 .debug_info    0x00000000      0x766 ..\obj\queue.o
 .debug_abbrev  0x00000000      0x16c ..\obj\queue.o
 .debug_aranges
                0x00000000       0xa8 ..\obj\queue.o
 .debug_ranges  0x00000000       0x98 ..\obj\queue.o
 .debug_line    0x00000000      0x433 ..\obj\queue.o
 .debug_str     0x00000000      0x569 ..\obj\queue.o
 .comment       0x00000000       0x71 ..\obj\queue.o
 .ARM.attributes
                0x00000000       0x33 ..\obj\queue.o
 .debug_frame   0x00000000      0x244 ..\obj\queue.o
 .text          0x00000000        0x0 ..\obj\port.o
 .bss           0x00000000        0x0 ..\obj\port.o
 .rodata        0x00000000        0x4 ..\obj\port.o
 .text.vPortEndScheduler
                0x00000000        0xc ..\obj\port.o
 .text          0x00000000        0x0 ..\obj\croutine.o
 .data          0x00000000        0x0 ..\obj\croutine.o
 .bss           0x00000000       0x80 ..\obj\croutine.o
 .text.xCoRoutineCreate
                0x00000000       0xcc ..\obj\croutine.o
 .text.vCoRoutineAddToDelayedList
                0x00000000       0x84 ..\obj\croutine.o
 .text.prvCheckPendingReadyList
                0x00000000       0x8c ..\obj\croutine.o
 .text.prvCheckDelayedList
                0x00000000      0x108 ..\obj\croutine.o
 .text.vCoRoutineSchedule
                0x00000000       0xa0 ..\obj\croutine.o
 .text.prvInitialiseCoRoutineLists
                0x00000000       0x68 ..\obj\croutine.o
 .text.xCoRoutineRemoveFromEventList
                0x00000000       0x5c ..\obj\croutine.o
 .debug_info    0x00000000      0x468 ..\obj\croutine.o
 .debug_abbrev  0x00000000      0x185 ..\obj\croutine.o
 .debug_aranges
                0x00000000       0x50 ..\obj\croutine.o
 .debug_ranges  0x00000000       0x40 ..\obj\croutine.o
 .debug_line    0x00000000      0x2e7 ..\obj\croutine.o
 .debug_str     0x00000000      0x469 ..\obj\croutine.o
 .comment       0x00000000       0x71 ..\obj\croutine.o
 .ARM.attributes
                0x00000000       0x33 ..\obj\croutine.o
 .debug_frame   0x00000000       0xf0 ..\obj\croutine.o
 .text          0x00000000        0x0 ..\obj\cpu.o
 .data          0x00000000        0x0 ..\obj\cpu.o
 .bss           0x00000000        0x0 ..\obj\cpu.o
 .text.enable_global_int
                0x00000000       0x10 ..\obj\cpu.o
 .text.disable_global_int
                0x00000000       0x10 ..\obj\cpu.o
 .text          0x00000000        0x0 ..\obj\heap_2.o
 .data          0x00000000        0x0 ..\obj\heap_2.o
 .rodata        0x00000000        0x2 ..\obj\heap_2.o
 .text.xPortGetFreeHeapSize
                0x00000000       0x18 ..\obj\heap_2.o
 .text.vPortInitialiseBlocks
                0x00000000        0xc ..\obj\heap_2.o
 .text          0x00000000       0xec c:/program files (x86)/coocox/gnu tools arm embedded/4.8 2013q4/bin/../lib/gcc/arm-none-eabi/4.8.3/../../../../arm-none-eabi/lib/armv7-m\libg.a(lib_a-memcpy.o)
 .data          0x00000000        0x0 c:/program files (x86)/coocox/gnu tools arm embedded/4.8 2013q4/bin/../lib/gcc/arm-none-eabi/4.8.3/../../../../arm-none-eabi/lib/armv7-m\libg.a(lib_a-memcpy.o)
 .bss           0x00000000        0x0 c:/program files (x86)/coocox/gnu tools arm embedded/4.8 2013q4/bin/../lib/gcc/arm-none-eabi/4.8.3/../../../../arm-none-eabi/lib/armv7-m\libg.a(lib_a-memcpy.o)
 .ARM.attributes
                0x00000000       0x1b c:/program files (x86)/coocox/gnu tools arm embedded/4.8 2013q4/bin/../lib/gcc/arm-none-eabi/4.8.3/../../../../arm-none-eabi/lib/armv7-m\libg.a(lib_a-memcpy.o)
 .text          0x00000000        0x0 c:/program files (x86)/coocox/gnu tools arm embedded/4.8 2013q4/bin/../lib/gcc/arm-none-eabi/4.8.3/../../../../arm-none-eabi/lib/armv7-m\libg.a(lib_a-memset.o)
 .data          0x00000000        0x0 c:/program files (x86)/coocox/gnu tools arm embedded/4.8 2013q4/bin/../lib/gcc/arm-none-eabi/4.8.3/../../../../arm-none-eabi/lib/armv7-m\libg.a(lib_a-memset.o)
 .bss           0x00000000        0x0 c:/program files (x86)/coocox/gnu tools arm embedded/4.8 2013q4/bin/../lib/gcc/arm-none-eabi/4.8.3/../../../../arm-none-eabi/lib/armv7-m\libg.a(lib_a-memset.o)
 .text          0x00000000        0x0 c:/program files (x86)/coocox/gnu tools arm embedded/4.8 2013q4/bin/../lib/gcc/arm-none-eabi/4.8.3/../../../../arm-none-eabi/lib/armv7-m\libg.a(lib_a-strncpy.o)
 .data          0x00000000        0x0 c:/program files (x86)/coocox/gnu tools arm embedded/4.8 2013q4/bin/../lib/gcc/arm-none-eabi/4.8.3/../../../../arm-none-eabi/lib/armv7-m\libg.a(lib_a-strncpy.o)
 .bss           0x00000000        0x0 c:/program files (x86)/coocox/gnu tools arm embedded/4.8 2013q4/bin/../lib/gcc/arm-none-eabi/4.8.3/../../../../arm-none-eabi/lib/armv7-m\libg.a(lib_a-strncpy.o)

Memory Configuration

Name             Origin             Length             Attributes
rom              0x00000000         0x00040000         xr
ram              0x20000000         0x00010000         xrw
*default*        0x00000000         0xffffffff

Linker script and memory map

                0x20010000                _eram = 0x20010000

.text           0x00000000     0x10d8
 *(.isr_vector)
 .isr_vector    0x00000000      0x100 ..\obj\startup_frt.o
                0x00000000                g_pfnVectors
 *(.text*)
 .text.gpio_ini
                0x00000100       0xc4 ..\obj\led_ctrl.o
                0x00000100                gpio_ini
 .text.status_led_alive
                0x000001c4       0x20 ..\obj\led_ctrl.o
                0x000001c4                status_led_alive
 .text.toggle_yellow
                0x000001e4       0x24 ..\obj\led_ctrl.o
                0x000001e4                toggle_yellow
 .text.toggle_green
                0x00000208       0x24 ..\obj\led_ctrl.o
                0x00000208                toggle_green
 .text.Default_Reset_Handler
                0x0000022c       0x5c ..\obj\startup_frt.o
                0x0000022c                Default_Reset_Handler
                0x0000022c                Reset_Handler
 .text.Default_Handler
                0x00000288        0x8 ..\obj\startup_frt.o
                0x00000288                DebugMon_Handler
                0x00000288                FlashCtrl_IRQHandler
                0x00000288                Timer0B_IRQHandler
                0x00000288                I2C0_IRQHandler
                0x00000288                HardFault_Handler
                0x00000288                SysTick_Handler
                0x00000288                PendSV_Handler
                0x00000288                NMI_Handler
                0x00000288                I2C1_IRQHandler
                0x00000288                PWMGen0_IRQHandler
                0x00000288                UART1_IRQHandler
                0x00000288                CAN1_IRQHandler
                0x00000288                Timer1B_IRQHandler
                0x00000288                Watchdog_IRQHandler
                0x00000288                UART0_IRQHandler
                0x00000288                SSI0_IRQHandler
                0x00000288                UsageFault_Handler
                0x00000288                ADCSeq1_IRQHandler
                0x00000288                PWMFault_IRQHandler
                0x00000288                PWMGen1_IRQHandler
                0x00000288                SSI1_IRQHandler
                0x00000288                uDMA_IRQHandler
                0x00000288                GPIOPortC_IRQHandler
                0x00000288                ADCSeq2_IRQHandler
                0x00000288                PWMGen2_IRQHandler
                0x00000288                UART2_IRQHandler
                0x00000288                uDMAErr_IRQHandler
                0x00000288                QEI1_IRQHandler
                0x00000288                QEI0_IRQHandler
                0x00000288                PWMGen3_IRQHandler
                0x00000288                GPIOPortD_IRQHandler
                0x00000288                USB0_IRQHandler
                0x00000288                MemManage_Handler
                0x00000288                Ethernet_IRQHandler
                0x00000288                SVC_Handler
                0x00000288                Timer3B_IRQHandler
                0x00000288                Timer3A_IRQHandler
                0x00000288                GPIOPortA_IRQHandler
                0x00000288                Timer0A_IRQHandler
                0x00000288                ADCSeq0_IRQHandler
                0x00000288                Timer1A_IRQHandler
                0x00000288                GPIOPortG_IRQHandler
                0x00000288                ADCSeq3_IRQHandler
                0x00000288                GPIOPortE_IRQHandler
                0x00000288                CAN0_IRQHandler
                0x00000288                Comp0_IRQHandler
                0x00000288                Comp1_IRQHandler
                0x00000288                Comp2_IRQHandler
                0x00000288                GPIOPortF_IRQHandler
                0x00000288                GPIOPortB_IRQHandler
                0x00000288                CAN2_IRQHandler
                0x00000288                GPIOPortH_IRQHandler
                0x00000288                BusFault_Handler
                0x00000288                Timer2A_IRQHandler
                0x00000288                Timer2B_IRQHandler
                0x00000288                SysCtrl_IRQHandler
                0x00000288                Hibernate_IRQHandler
 .text.setupHardware
                0x00000290       0x10 ..\obj\main.o
 .text.main     0x000002a0       0x90 ..\obj\main.o
                0x000002a0                main
 .text.xTaskGenericCreate
                0x00000330      0x148 ..\obj\tasks.o
                0x00000330                xTaskGenericCreate
 .text.vTaskDelay
                0x00000478       0x8c ..\obj\tasks.o
                0x00000478                vTaskDelay
 .text.vTaskStartScheduler
                0x00000504       0x5c ..\obj\tasks.o
                0x00000504                vTaskStartScheduler
 .text.vTaskSuspendAll
                0x00000560       0x1c ..\obj\tasks.o
                0x00000560                vTaskSuspendAll
 .text.xTaskResumeAll
                0x0000057c      0x100 ..\obj\tasks.o
                0x0000057c                xTaskResumeAll
 .text.vTaskIncrementTick
                0x0000067c       0xdc ..\obj\tasks.o
                0x0000067c                vTaskIncrementTick
 .text.vTaskSwitchContext
                0x00000758       0x94 ..\obj\tasks.o
                0x00000758                vTaskSwitchContext
 .text.prvIdleTask
                0x000007ec       0x20 ..\obj\tasks.o
 .text.prvInitialiseTCBVariables
                0x0000080c       0x6c ..\obj\tasks.o
 .text.prvInitialiseTaskLists
                0x00000878       0x7c ..\obj\tasks.o
 .text.prvCheckTasksWaitingTermination
                0x000008f4       0x84 ..\obj\tasks.o
 .text.prvAllocateTCBAndStack
                0x00000978       0x64 ..\obj\tasks.o
 .text.prvDeleteTCB
                0x000009dc       0x20 ..\obj\tasks.o
 .text.vListInitialise
                0x000009fc       0x40 ..\obj\list.o
                0x000009fc                vListInitialise
 .text.vListInitialiseItem
                0x00000a3c       0x18 ..\obj\list.o
                0x00000a3c                vListInitialiseItem
 .text.vListInsertEnd
                0x00000a54       0x50 ..\obj\list.o
                0x00000a54                vListInsertEnd
 .text.vListInsert
                0x00000aa4       0x70 ..\obj\list.o
                0x00000aa4                vListInsert
 .text.vListRemove
                0x00000b14       0x50 ..\obj\list.o
                0x00000b14                vListRemove
 .text.pxPortInitialiseStack
                0x00000b64       0x54 ..\obj\port.o
                0x00000b64                pxPortInitialiseStack
 .text.vPortSVCHandler
                0x00000bb8       0x20 ..\obj\port.o
                0x00000bb8                vPortSVCHandler
 .text.vPortStartFirstTask
                0x00000bd8       0x10 ..\obj\port.o
                0x00000bd8                vPortStartFirstTask
 .text.xPortStartScheduler
                0x00000be8       0x38 ..\obj\port.o
                0x00000be8                xPortStartScheduler
 .text.vPortYieldFromISR
                0x00000c20       0x18 ..\obj\port.o
                0x00000c20                vPortYieldFromISR
 .text.vPortEnterCritical
                0x00000c38       0x24 ..\obj\port.o
                0x00000c38                vPortEnterCritical
 .text.vPortExitCritical
                0x00000c5c       0x2c ..\obj\port.o
                0x00000c5c                vPortExitCritical
 .text.xPortPendSVHandler
                0x00000c88       0x3c ..\obj\port.o
                0x00000c88                xPortPendSVHandler
 .text.xPortSysTickHandler
                0x00000cc4       0x30 ..\obj\port.o
                0x00000cc4                xPortSysTickHandler
 .text.prvSetupTimerInterrupt
                0x00000cf4       0x24 ..\obj\port.o
 .text.clk_system_init
                0x00000d18       0xe4 ..\obj\cpu.o
                0x00000d18                clk_system_init
 .text.pvPortMalloc
                0x00000dfc      0x148 ..\obj\heap_2.o
                0x00000dfc                pvPortMalloc
 .text.vPortFree
                0x00000f44       0x70 ..\obj\heap_2.o
                0x00000f44                vPortFree
 .text.memset   0x00000fb4       0x94 c:/program files (x86)/coocox/gnu tools arm embedded/4.8 2013q4/bin/../lib/gcc/arm-none-eabi/4.8.3/../../../../arm-none-eabi/lib/armv7-m\libg.a(lib_a-memset.o)
                0x00000fb4                memset
 .text.strncpy  0x00001048       0x64 c:/program files (x86)/coocox/gnu tools arm embedded/4.8 2013q4/bin/../lib/gcc/arm-none-eabi/4.8.3/../../../../arm-none-eabi/lib/armv7-m\libg.a(lib_a-strncpy.o)
                0x00001048                strncpy
 *(.init)
 *(.fini)
 *crtbegin.o(.ctors)
 *crtbegin?.o(.ctors)
 *(EXCLUDE_FILE(*crtend.o *crtend?.o) .ctors)
 *(SORT(.ctors.*))
 *(.ctors)
 *crtbegin.o(.dtors)
 *crtbegin?.o(.dtors)
 *(EXCLUDE_FILE(*crtend.o *crtend?.o) .dtors)
 *(SORT(.dtors.*))
 *(.dtors)
 *(.rodata*)
 .rodata        0x000010ac       0x24 ..\obj\main.o
 .rodata        0x000010d0        0x8 ..\obj\tasks.o
 *(.eh_fram e*)

.glue_7         0x000010d8        0x0
 .glue_7        0x00000000        0x0 linker stubs

.glue_7t        0x000010d8        0x0
 .glue_7t       0x00000000        0x0 linker stubs

.vfp11_veneer   0x000010d8        0x0
 .vfp11_veneer  0x00000000        0x0 linker stubs

.v4_bx          0x000010d8        0x0
 .v4_bx         0x00000000        0x0 linker stubs

.iplt           0x000010d8        0x0
 .iplt          0x00000000        0x0 ..\obj\led_ctrl.o

.rel.dyn        0x000010d8        0x0
 .rel.iplt      0x00000000        0x0 ..\obj\led_ctrl.o

.ARM.extab
 *(.ARM.extab* .gnu.linkonce.armextab.*)
                0x000010d8                __exidx_start = .

.ARM.exidx
 *(.ARM.exidx* .gnu.linkonce.armexidx.*)
                0x000010d8                __exidx_end = .
                0x000010d8                __etext = .
                0x000010d8                _sidata = __etext

.data           0x20000000        0x4 load address 0x000010d8
                0x20000000                __data_start__ = .
                0x20000000                _sdata = __data_start__
 *(vtable)
 *(.data*)
 .data          0x20000000        0x4 ..\obj\port.o
                0x20000004                . = ALIGN (0x4)
                0x20000004                PROVIDE (__preinit_array_start, .)
 *(.preinit_array)
                0x20000004                PROVIDE (__preinit_array_end, .)
                0x20000004                . = ALIGN (0x4)
                0x20000004                PROVIDE (__init_array_start, .)
 *(SORT(.init_array.*))
 *(.init_array)
                0x20000004                PROVIDE (__init_array_end, .)
                0x20000004                . = ALIGN (0x4)
                0x20000004                PROVIDE (__fini_array_start, .)
 *(SORT(.fini_array.*))
 *(.fini_array)
                0x20000004                PROVIDE (__fini_array_end, .)
 *(.jcr*)
                0x20000004                . = ALIGN (0x4)
                0x20000004                __data_end__ = .
                0x20000004                _edata = __data_end__

.igot.plt       0x20000004        0x0 load address 0x000010dc
 .igot.plt      0x00000000        0x0 ..\obj\led_ctrl.o

.bss            0x20000008     0x6580 load address 0x000010e0
                0x20000008                . = ALIGN (0x4)
                0x20000008                __bss_start__ = .
                0x20000008                _sbss = __bss_start__
 *(.bss*)
 .bss           0x20000008      0x164 ..\obj\tasks.o
                0x20000008                pxCurrentTCB
 *fill*         0x2000016c        0x4 
 .bss           0x20000170     0x6418 ..\obj\heap_2.o
 *(COMMON)
                0x20006588                . = ALIGN (0x4)
                0x20006588                __bss_end__ = .
                0x20006588                _ebss = __bss_end__

.heap           0x20006588        0x0
                0x20006588                __end__ = .
                0x20006588                _end = __end__
                0x20006588                end = __end__
 *(.heap*)
                0x20006588                __HeapLimit = .

.co_stack       0x20006588      0x400 load address 0x00007660
                0x20006588                . = ALIGN (0x8)
 *(.co_stack .co_stack.*)
 .co_stack      0x20006588      0x400 ..\obj\startup_frt.o
                0x20006588                pulStack
                0x20010000                __StackTop = (ORIGIN (ram) + 0x10000)
                0x2000fc00                __StackLimit = (__StackTop - SIZEOF (.co_stack))
                0x20010000                PROVIDE (__stack, __StackTop)
                0x00000001                ASSERT ((__StackLimit >= __HeapLimit), region ram  overflowed with stack)
LOAD ..\obj\led_ctrl.o
LOAD ..\obj\startup_frt.o
LOAD ..\obj\common.o
LOAD ..\obj\main.o
LOAD ..\obj\tasks.o
LOAD ..\obj\list.o
LOAD ..\obj\queue.o
LOAD ..\obj\port.o
LOAD ..\obj\croutine.o
LOAD ..\obj\cpu.o
LOAD ..\obj\heap_2.o
START GROUP
LOAD c:/program files (x86)/coocox/gnu tools arm embedded/4.8 2013q4/bin/../lib/gcc/arm-none-eabi/4.8.3/armv7-m\libgcc.a
LOAD c:/program files (x86)/coocox/gnu tools arm embedded/4.8 2013q4/bin/../lib/gcc/arm-none-eabi/4.8.3/../../../../arm-none-eabi/lib/armv7-m\libg.a
LOAD c:/program files (x86)/coocox/gnu tools arm embedded/4.8 2013q4/bin/../lib/gcc/arm-none-eabi/4.8.3/../../../../arm-none-eabi/lib/armv7-m\libc.a
END GROUP
OUTPUT(freeRTOS_test.elf elf32-littlearm)

.debug_info     0x00000000     0x1677
 .debug_info    0x00000000      0x121 ..\obj\led_ctrl.o
 .debug_info    0x00000121       0xe9 ..\obj\startup_frt.o
 .debug_info    0x0000020a       0xb2 ..\obj\main.o
 .debug_info    0x000002bc      0xc32 ..\obj\tasks.o
 .debug_info    0x00000eee      0x27f ..\obj\list.o
 .debug_info    0x0000116d      0x1af ..\obj\port.o
 .debug_info    0x0000131c       0xb9 ..\obj\cpu.o
 .debug_info    0x000013d5      0x2a2 ..\obj\heap_2.o

.debug_abbrev   0x00000000      0x713
 .debug_abbrev  0x00000000       0xa6 ..\obj\led_ctrl.o
 .debug_abbrev  0x000000a6       0xa7 ..\obj\startup_frt.o
 .debug_abbrev  0x0000014d       0x67 ..\obj\main.o
 .debug_abbrev  0x000001b4      0x1cf ..\obj\tasks.o
 .debug_abbrev  0x00000383       0xba ..\obj\list.o
 .debug_abbrev  0x0000043d      0x109 ..\obj\port.o
 .debug_abbrev  0x00000546       0x67 ..\obj\cpu.o
 .debug_abbrev  0x000005ad      0x166 ..\obj\heap_2.o

.debug_aranges  0x00000000      0x2b8
 .debug_aranges
                0x00000000       0x38 ..\obj\led_ctrl.o
 .debug_aranges
                0x00000038       0x28 ..\obj\startup_frt.o
 .debug_aranges
                0x00000060       0x28 ..\obj\main.o
 .debug_aranges
                0x00000088      0x118 ..\obj\tasks.o
 .debug_aranges
                0x000001a0       0x40 ..\obj\list.o
 .debug_aranges
                0x000001e0       0x70 ..\obj\port.o
 .debug_aranges
                0x00000250       0x30 ..\obj\cpu.o
 .debug_aranges
                0x00000280       0x38 ..\obj\heap_2.o

.debug_ranges   0x00000000      0x238
 .debug_ranges  0x00000000       0x28 ..\obj\led_ctrl.o
 .debug_ranges  0x00000028       0x18 ..\obj\startup_frt.o
 .debug_ranges  0x00000040       0x18 ..\obj\main.o
 .debug_ranges  0x00000058      0x108 ..\obj\tasks.o
 .debug_ranges  0x00000160       0x30 ..\obj\list.o
 .debug_ranges  0x00000190       0x60 ..\obj\port.o
 .debug_ranges  0x000001f0       0x20 ..\obj\cpu.o
 .debug_ranges  0x00000210       0x28 ..\obj\heap_2.o

.debug_line     0x00000000     0x1057
 .debug_line    0x00000000      0x1b6 ..\obj\led_ctrl.o
 .debug_line    0x000001b6       0x98 ..\obj\startup_frt.o
 .debug_line    0x0000024e       0x87 ..\obj\main.o
 .debug_line    0x000002d5      0x706 ..\obj\tasks.o
 .debug_line    0x000009db      0x1dc ..\obj\list.o
 .debug_line    0x00000bb7      0x1e3 ..\obj\port.o
 .debug_line    0x00000d9a      0x118 ..\obj\cpu.o
 .debug_line    0x00000eb2      0x1a5 ..\obj\heap_2.o

.debug_str      0x00000000      0xea5
 .debug_str     0x00000000      0x18e ..\obj\led_ctrl.o
                                0x1c2 (size before relaxing)
 .debug_str     0x0000018e       0xa7 ..\obj\startup_frt.o
                                0x13e (size before relaxing)
 .debug_str     0x00000235       0x5f ..\obj\main.o
                                0x175 (size before relaxing)
 .debug_str     0x00000294      0x791 ..\obj\tasks.o
                                0x8da (size before relaxing)
 .debug_str     0x00000a25       0xee ..\obj\list.o
                                0x29a (size before relaxing)
 .debug_str     0x00000b13      0x177 ..\obj\port.o
                                0x276 (size before relaxing)
 .debug_str     0x00000c8a       0x7d ..\obj\cpu.o
                                0x184 (size before relaxing)
 .debug_str     0x00000d07      0x19e ..\obj\heap_2.o
                                0x2c5 (size before relaxing)

.comment        0x00000000       0x70
 .comment       0x00000000       0x70 ..\obj\led_ctrl.o
                                 0x71 (size before relaxing)
 .comment       0x00000000       0x71 ..\obj\startup_frt.o
 .comment       0x00000000       0x71 ..\obj\main.o
 .comment       0x00000000       0x71 ..\obj\tasks.o
 .comment       0x00000000       0x71 ..\obj\list.o
 .comment       0x00000000       0x71 ..\obj\port.o
 .comment       0x00000000       0x71 ..\obj\cpu.o
 .comment       0x00000000       0x71 ..\obj\heap_2.o

.ARM.attributes
                0x00000000       0x31
 .ARM.attributes
                0x00000000       0x33 ..\obj\led_ctrl.o
 .ARM.attributes
                0x00000033       0x33 ..\obj\startup_frt.o
 .ARM.attributes
                0x00000066       0x33 ..\obj\main.o
 .ARM.attributes
                0x00000099       0x33 ..\obj\tasks.o
 .ARM.attributes
                0x000000cc       0x33 ..\obj\list.o
 .ARM.attributes
                0x000000ff       0x33 ..\obj\port.o
 .ARM.attributes
                0x00000132       0x33 ..\obj\cpu.o
 .ARM.attributes
                0x00000165       0x33 ..\obj\heap_2.o
 .ARM.attributes
                0x00000198       0x2d c:/program files (x86)/coocox/gnu tools arm embedded/4.8 2013q4/bin/../lib/gcc/arm-none-eabi/4.8.3/../../../../arm-none-eabi/lib/armv7-m\libg.a(lib_a-memset.o)
 .ARM.attributes
                0x000001c5       0x2d c:/program files (x86)/coocox/gnu tools arm embedded/4.8 2013q4/bin/../lib/gcc/arm-none-eabi/4.8.3/../../../../arm-none-eabi/lib/armv7-m\libg.a(lib_a-strncpy.o)

.debug_frame    0x00000000      0x7e4
 .debug_frame   0x00000000       0x8c ..\obj\led_ctrl.o
 .debug_frame   0x0000008c       0x48 ..\obj\startup_frt.o
 .debug_frame   0x000000d4       0x4c ..\obj\main.o
 .debug_frame   0x00000120      0x3e4 ..\obj\tasks.o
 .debug_frame   0x00000504       0x9c ..\obj\list.o
 .debug_frame   0x000005a0      0x110 ..\obj\port.o
 .debug_frame   0x000006b0       0x5c ..\obj\cpu.o
 .debug_frame   0x0000070c       0x80 ..\obj\heap_2.o
 .debug_frame   0x0000078c       0x2c c:/program files (x86)/coocox/gnu tools arm embedded/4.8 2013q4/bin/../lib/gcc/arm-none-eabi/4.8.3/../../../../arm-none-eabi/lib/armv7-m\libg.a(lib_a-memset.o)
 .debug_frame   0x000007b8       0x2c c:/program files (x86)/coocox/gnu tools arm embedded/4.8 2013q4/bin/../lib/gcc/arm-none-eabi/4.8.3/../../../../arm-none-eabi/lib/armv7-m\libg.a(lib_a-strncpy.o)
